Archive member included to satisfy reference by file (symbol)

D:/STM32CubeIDE/STM32CubeIDE_1.19.0/STM32CubeIDE/plugins/com.st.stm32cube.ide.mcu.externaltools.gnu-tools-for-stm32.13.3.rel1.win32_1.0.0.202411081344/tools/bin/../lib/gcc/arm-none-eabi/13.3.1/../../../../arm-none-eabi/lib/thumb/v7e-m+fp/hard\libc_nano.a(libc_a-exit.o)
                              D:/STM32CubeIDE/STM32CubeIDE_1.19.0/STM32CubeIDE/plugins/com.st.stm32cube.ide.mcu.externaltools.gnu-tools-for-stm32.13.3.rel1.win32_1.0.0.202411081344/tools/bin/../lib/gcc/arm-none-eabi/13.3.1/../../../../arm-none-eabi/lib/thumb/v7e-m+fp/hard/crt0.o (exit)
D:/STM32CubeIDE/STM32CubeIDE_1.19.0/STM32CubeIDE/plugins/com.st.stm32cube.ide.mcu.externaltools.gnu-tools-for-stm32.13.3.rel1.win32_1.0.0.202411081344/tools/bin/../lib/gcc/arm-none-eabi/13.3.1/../../../../arm-none-eabi/lib/thumb/v7e-m+fp/hard\libc_nano.a(libc_a-findfp.o)
                              D:/STM32CubeIDE/STM32CubeIDE_1.19.0/STM32CubeIDE/plugins/com.st.stm32cube.ide.mcu.externaltools.gnu-tools-for-stm32.13.3.rel1.win32_1.0.0.202411081344/tools/bin/../lib/gcc/arm-none-eabi/13.3.1/../../../../arm-none-eabi/lib/thumb/v7e-m+fp/hard\libc_nano.a(libc_a-exit.o) (__stdio_exit_handler)
D:/STM32CubeIDE/STM32CubeIDE_1.19.0/STM32CubeIDE/plugins/com.st.stm32cube.ide.mcu.externaltools.gnu-tools-for-stm32.13.3.rel1.win32_1.0.0.202411081344/tools/bin/../lib/gcc/arm-none-eabi/13.3.1/../../../../arm-none-eabi/lib/thumb/v7e-m+fp/hard\libc_nano.a(libc_a-fwalk.o)
                              D:/STM32CubeIDE/STM32CubeIDE_1.19.0/STM32CubeIDE/plugins/com.st.stm32cube.ide.mcu.externaltools.gnu-tools-for-stm32.13.3.rel1.win32_1.0.0.202411081344/tools/bin/../lib/gcc/arm-none-eabi/13.3.1/../../../../arm-none-eabi/lib/thumb/v7e-m+fp/hard\libc_nano.a(libc_a-findfp.o) (_fwalk_sglue)
D:/STM32CubeIDE/STM32CubeIDE_1.19.0/STM32CubeIDE/plugins/com.st.stm32cube.ide.mcu.externaltools.gnu-tools-for-stm32.13.3.rel1.win32_1.0.0.202411081344/tools/bin/../lib/gcc/arm-none-eabi/13.3.1/../../../../arm-none-eabi/lib/thumb/v7e-m+fp/hard\libc_nano.a(libc_a-stdio.o)
                              D:/STM32CubeIDE/STM32CubeIDE_1.19.0/STM32CubeIDE/plugins/com.st.stm32cube.ide.mcu.externaltools.gnu-tools-for-stm32.13.3.rel1.win32_1.0.0.202411081344/tools/bin/../lib/gcc/arm-none-eabi/13.3.1/../../../../arm-none-eabi/lib/thumb/v7e-m+fp/hard\libc_nano.a(libc_a-findfp.o) (__sread)
D:/STM32CubeIDE/STM32CubeIDE_1.19.0/STM32CubeIDE/plugins/com.st.stm32cube.ide.mcu.externaltools.gnu-tools-for-stm32.13.3.rel1.win32_1.0.0.202411081344/tools/bin/../lib/gcc/arm-none-eabi/13.3.1/../../../../arm-none-eabi/lib/thumb/v7e-m+fp/hard\libc_nano.a(libc_a-memset.o)
                              D:/STM32CubeIDE/STM32CubeIDE_1.19.0/STM32CubeIDE/plugins/com.st.stm32cube.ide.mcu.externaltools.gnu-tools-for-stm32.13.3.rel1.win32_1.0.0.202411081344/tools/bin/../lib/gcc/arm-none-eabi/13.3.1/../../../../arm-none-eabi/lib/thumb/v7e-m+fp/hard/crt0.o (memset)
D:/STM32CubeIDE/STM32CubeIDE_1.19.0/STM32CubeIDE/plugins/com.st.stm32cube.ide.mcu.externaltools.gnu-tools-for-stm32.13.3.rel1.win32_1.0.0.202411081344/tools/bin/../lib/gcc/arm-none-eabi/13.3.1/../../../../arm-none-eabi/lib/thumb/v7e-m+fp/hard\libc_nano.a(libc_a-closer.o)
                              D:/STM32CubeIDE/STM32CubeIDE_1.19.0/STM32CubeIDE/plugins/com.st.stm32cube.ide.mcu.externaltools.gnu-tools-for-stm32.13.3.rel1.win32_1.0.0.202411081344/tools/bin/../lib/gcc/arm-none-eabi/13.3.1/../../../../arm-none-eabi/lib/thumb/v7e-m+fp/hard\libc_nano.a(libc_a-stdio.o) (_close_r)
D:/STM32CubeIDE/STM32CubeIDE_1.19.0/STM32CubeIDE/plugins/com.st.stm32cube.ide.mcu.externaltools.gnu-tools-for-stm32.13.3.rel1.win32_1.0.0.202411081344/tools/bin/../lib/gcc/arm-none-eabi/13.3.1/../../../../arm-none-eabi/lib/thumb/v7e-m+fp/hard\libc_nano.a(libc_a-reent.o)
                              D:/STM32CubeIDE/STM32CubeIDE_1.19.0/STM32CubeIDE/plugins/com.st.stm32cube.ide.mcu.externaltools.gnu-tools-for-stm32.13.3.rel1.win32_1.0.0.202411081344/tools/bin/../lib/gcc/arm-none-eabi/13.3.1/../../../../arm-none-eabi/lib/thumb/v7e-m+fp/hard\libc_nano.a(libc_a-closer.o) (errno)
D:/STM32CubeIDE/STM32CubeIDE_1.19.0/STM32CubeIDE/plugins/com.st.stm32cube.ide.mcu.externaltools.gnu-tools-for-stm32.13.3.rel1.win32_1.0.0.202411081344/tools/bin/../lib/gcc/arm-none-eabi/13.3.1/../../../../arm-none-eabi/lib/thumb/v7e-m+fp/hard\libc_nano.a(libc_a-impure.o)
                              D:/STM32CubeIDE/STM32CubeIDE_1.19.0/STM32CubeIDE/plugins/com.st.stm32cube.ide.mcu.externaltools.gnu-tools-for-stm32.13.3.rel1.win32_1.0.0.202411081344/tools/bin/../lib/gcc/arm-none-eabi/13.3.1/../../../../arm-none-eabi/lib/thumb/v7e-m+fp/hard\libc_nano.a(libc_a-reent.o) (_impure_ptr)
D:/STM32CubeIDE/STM32CubeIDE_1.19.0/STM32CubeIDE/plugins/com.st.stm32cube.ide.mcu.externaltools.gnu-tools-for-stm32.13.3.rel1.win32_1.0.0.202411081344/tools/bin/../lib/gcc/arm-none-eabi/13.3.1/../../../../arm-none-eabi/lib/thumb/v7e-m+fp/hard\libc_nano.a(libc_a-lseekr.o)
[...]
Memory Configuration

Name             Origin             Length             Attributes
RAM              0x20000000         0x00010000         xrw
FLASH            0x08000000         0x00040000         xr
*default*        0x00000000         0xffffffff

Linker script and memory map

LOAD D:/STM32CubeIDE/STM32CubeIDE_1.19.0/STM32CubeIDE/plugins/com.st.stm32cube.ide.mcu.externaltools.gnu-tools-for-stm32.13.3.rel1.win32_1.0.0.202411081344/tools/bin/../lib/gcc/arm-none-eabi/13.3.1/thumb/v7e-m+fp/hard/crti.o
LOAD D:/STM32CubeIDE/STM32CubeIDE_1.19.0/STM32CubeIDE/plugins/com.st.stm32cube.ide.mcu.externaltools.gnu-tools-for-stm32.13.3.rel1.win32_1.0.0.202411081344/tools/bin/../lib/gcc/arm-none-eabi/13.3.1/thumb/v7e-m+fp/hard/crtbegin.o
LOAD D:/STM32CubeIDE/STM32CubeIDE_1.19.0/STM32CubeIDE/plugins/com.st.stm32cube.ide.mcu.externaltools.gnu-tools-for-stm32.13.3.rel1.win32_1.0.0.202411081344/tools/bin/../lib/gcc/arm-none-eabi/13.3.1/../../../../arm-none-eabi/lib/thumb/v7e-m+fp/hard/crt0.o
LOAD ./Driver/Src/stm32_GPIO.o
LOAD ./Driver/Src/stm32_I2C.o
LOAD ./Driver/Src/stm32_RCC.o
LOAD ./Driver/Src/stm32_SPI.o
LOAD ./Driver/Src/stm32_USART.o
LOAD ./Src/I2C_TX_Test.o
LOAD ./Src/syscalls.o
LOAD ./Src/sysmem.o
LOAD ./Startup/startup_stm32f401ccyx.o
START GROUP
LOAD D:/STM32CubeIDE/STM32CubeIDE_1.19.0/STM32CubeIDE/plugins/com.st.stm32cube.ide.mcu.externaltools.gnu-tools-for-stm32.13.3.rel1.win32_1.0.0.202411081344/tools/bin/../lib/gcc/arm-none-eabi/13.3.1/../../../../arm-none-eabi/lib/thumb/v7e-m+fp/hard\libc_nano.a
LOAD D:/STM32CubeIDE/STM32CubeIDE_1.19.0/STM32CubeIDE/plugins/com.st.stm32cube.ide.mcu.externaltools.gnu-tools-for-stm32.13.3.rel1.win32_1.0.0.202411081344/tools/bin/../lib/gcc/arm-none-eabi/13.3.1/../../../../arm-none-eabi/lib/thumb/v7e-m+fp/hard\libm.a
END GROUP
START GROUP
LOAD D:/STM32CubeIDE/STM32CubeIDE_1.19.0/STM32CubeIDE/plugins/com.st.stm32cube.ide.mcu.externaltools.gnu-tools-for-stm32.13.3.rel1.win32_1.0.0.202411081344/tools/bin/../lib/gcc/arm-none-eabi/13.3.1/thumb/v7e-m+fp/hard\libgcc.a
LOAD D:/STM32CubeIDE/STM32CubeIDE_1.19.0/STM32CubeIDE/plugins/com.st.stm32cube.ide.mcu.externaltools.gnu-tools-for-stm32.13.3.rel1.win32_1.0.0.202411081344/tools/bin/../lib/gcc/arm-none-eabi/13.3.1/../../../../arm-none-eabi/lib/thumb/v7e-m+fp/hard\libc_nano.a
END GROUP
START GROUP
LOAD D:/STM32CubeIDE/STM32CubeIDE_1.19.0/STM32CubeIDE/plugins/com.st.stm32cube.ide.mcu.externaltools.gnu-tools-for-stm32.13.3.rel1.win32_1.0.0.202411081344/tools/bin/../lib/gcc/arm-none-eabi/13.3.1/thumb/v7e-m+fp/hard\libgcc.a
LOAD D:/STM32CubeIDE/STM32CubeIDE_1.19.0/STM32CubeIDE/plugins/com.st.stm32cube.ide.mcu.externaltools.gnu-tools-for-stm32.13.3.rel1.win32_1.0.0.202411081344/tools/bin/../lib/gcc/arm-none-eabi/13.3.1/../../../../arm-none-eabi/lib/thumb/v7e-m+fp/hard\libc_nano.a
LOAD D:/STM32CubeIDE/STM32CubeIDE_1.19.0/STM32CubeIDE/plugins/com.st.stm32cube.ide.mcu.externaltools.gnu-tools-for-stm32.13.3.rel1.win32_1.0.0.202411081344/tools/bin/../lib/gcc/arm-none-eabi/13.3.1/../../../../arm-none-eabi/lib/thumb/v7e-m+fp/hard\libnosys.a
END GROUP
START GROUP
LOAD D:/STM32CubeIDE/STM32CubeIDE_1.19.0/STM32CubeIDE/plugins/com.st.stm32cube.ide.mcu.externaltools.gnu-tools-for-stm32.13.3.rel1.win32_1.0.0.202411081344/tools/bin/../lib/gcc/arm-none-eabi/13.3.1/thumb/v7e-m+fp/hard\libgcc.a
LOAD D:/STM32CubeIDE/STM32CubeIDE_1.19.0/STM32CubeIDE/plugins/com.st.stm32cube.ide.mcu.externaltools.gnu-tools-for-stm32.13.3.rel1.win32_1.0.0.202411081344/tools/bin/../lib/gcc/arm-none-eabi/13.3.1/../../../../arm-none-eabi/lib/thumb/v7e-m+fp/hard\libc_nano.a
LOAD D:/STM32CubeIDE/STM32CubeIDE_1.19.0/STM32CubeIDE/plugins/com.st.stm32cube.ide.mcu.externaltools.gnu-tools-for-stm32.13.3.rel1.win32_1.0.0.202411081344/tools/bin/../lib/gcc/arm-none-eabi/13.3.1/../../../../arm-none-eabi/lib/thumb/v7e-m+fp/hard\libnosys.a
END GROUP
LOAD D:/STM32CubeIDE/STM32CubeIDE_1.19.0/STM32CubeIDE/plugins/com.st.stm32cube.ide.mcu.externaltools.gnu-tools-for-stm32.13.3.rel1.win32_1.0.0.202411081344/tools/bin/../lib/gcc/arm-none-eabi/13.3.1/thumb/v7e-m+fp/hard/crtend.o
LOAD D:/STM32CubeIDE/STM32CubeIDE_1.19.0/STM32CubeIDE/plugins/com.st.stm32cube.ide.mcu.externaltools.gnu-tools-for-stm32.13.3.rel1.win32_1.0.0.202411081344/tools/bin/../lib/gcc/arm-none-eabi/13.3.1/thumb/v7e-m+fp/hard/crtn.o
                0x20010000                        _estack = (ORIGIN (RAM) + LENGTH (RAM))
                0x00000200                        _Min_Heap_Size = 0x200
                0x00000400                        _Min_Stack_Size = 0x400

.isr_vector     0x08000000      0x194
                0x08000000                        . = ALIGN (0x4)
 *(.isr_vector)
 .isr_vector    0x08000000      0x194 ./Startup/startup_stm32f401ccyx.o
                0x08000000                g_pfnVectors
                0x08000194                        . = ALIGN (0x4)

.text           0x08000194      0xa90
                0x08000194                        . = ALIGN (0x4)
 *(.text)
 .text          0x08000194       0x40 D:/STM32CubeIDE/STM32CubeIDE_1.19.0/STM32CubeIDE/plugins/com.st.stm32cube.ide.mcu.externaltools.gnu-tools-for-stm32.13.3.rel1.win32_1.0.0.202411081344/tools/bin/../lib/gcc/arm-none-eabi/13.3.1/thumb/v7e-m+fp/hard/crtbegin.o
 .text          0x080001d4       0x10 D:/STM32CubeIDE/STM32CubeIDE_1.19.0/STM32CubeIDE/plugins/com.st.stm32cube.ide.mcu.externaltools.gnu-tools-for-stm32.13.3.rel1.win32_1.0.0.202411081344/tools/bin/../lib/gcc/arm-none-eabi/13.3.1/../../../../arm-none-eabi/lib/thumb/v7e-m+fp/hard\libc_nano.a(libc_a-strlen.o)
                0x080001d4                strlen
 *(.text*)
 .text.GPIO_PCLK_Control
                0x080001e4      0x10c ./Driver/Src/stm32_GPIO.o
                0x080001e4                GPIO_PCLK_Control
 .text.GPIO_Init
                0x080002f0      0x2d4 ./Driver/Src/stm32_GPIO.o
                0x080002f0                GPIO_Init
 .text.I2C_GenarationStartCondition
                0x080005c4       0x20 ./Driver/Src/stm32_I2C.o
 .text.I2C_ExcuteAddressPhaseWrite
                0x080005e4       0x2c ./Driver/Src/stm32_I2C.o
 .text.I2C_ClearADDRFlag
                0x08000610       0x70 ./Driver/Src/stm32_I2C.o
 .text.I2C_PeripheralControl
                0x08000680       0x38 ./Driver/Src/stm32_I2C.o
                0x08000680                I2C_PeripheralControl
 .text.I2C_PeriClockControl
                0x080006b8       0xb0 ./Driver/Src/stm32_I2C.o
                0x080006b8                I2C_PeriClockControl
 .text.I2C_Init
                0x08000768      0x168 ./Driver/Src/stm32_I2C.o
                0x08000768                I2C_Init
 .text.I2C_GetFlagStatus
                0x080008d0       0x28 ./Driver/Src/stm32_I2C.o
                0x080008d0                I2C_GetFlagStatus
 .text.I2C_GenarateStopCondition
                0x080008f8       0x20 ./Driver/Src/stm32_I2C.o
                0x080008f8                I2C_GenarateStopCondition
 .text.I2C_MasterSendData
                0x08000918       0xc6 ./Driver/Src/stm32_I2C.o
                0x08000918                I2C_MasterSendData
 .text.I2C_ManageAcking
                0x080009de       0x38 ./Driver/Src/stm32_I2C.o
                0x080009de                I2C_ManageAcking
 *fill*         0x08000a16        0x2 
 .text.RCC_GetPCLK1Value
                0x08000a18       0xac ./Driver/Src/stm32_RCC.o
                0x08000a18                RCC_GetPCLK1Value
 .text.I2C_GPIO_Init
                0x08000ac4       0x44 ./Src/I2C_TX_Test.o
                0x08000ac4                I2C_GPIO_Init
 .text.I2C1_Init
                0x08000b08       0x38 ./Src/I2C_TX_Test.o
                0x08000b08                I2C1_Init
 .text.main     0x08000b40       0x30 ./Src/I2C_TX_Test.o
                0x08000b40                main
 .text.Reset_Handler
                0x08000b70       0x50 ./Startup/startup_stm32f401ccyx.o
                0x08000b70                Reset_Handler
 .text.Default_Handler
                0x08000bc0        0x2 ./Startup/startup_stm32f401ccyx.o
                0x08000bc0                EXTI2_IRQHandler
                0x08000bc0                DebugMon_Handler
                0x08000bc0                SPI4_IRQHandler
                0x08000bc0                TIM1_CC_IRQHandler
                0x08000bc0                DMA2_Stream5_IRQHandler
                0x08000bc0                HardFault_Handler
                0x08000bc0                DMA1_Stream5_IRQHandler
                0x08000bc0                SysTick_Handler
                0x08000bc0                SDIO_IRQHandler
                0x08000bc0                TAMP_STAMP_IRQHandler
                0x08000bc0                PendSV_Handler
                0x08000bc0                NMI_Handler
                0x08000bc0                EXTI3_IRQHandler
                0x08000bc0                TIM1_UP_TIM10_IRQHandler
                0x08000bc0                I2C3_ER_IRQHandler
                0x08000bc0                EXTI18_OTG_FS_WKUP_IRQHandler
                0x08000bc0                EXTI0_IRQHandler
                0x08000bc0                I2C2_EV_IRQHandler
                0x08000bc0                DMA1_Stream2_IRQHandler
                0x08000bc0                UsageFault_Handler
                0x08000bc0                DMA2_Stream2_IRQHandler
                0x08000bc0                SPI1_IRQHandler
                0x08000bc0                TIM1_BRK_TIM9_IRQHandler
                0x08000bc0                DMA2_Stream3_IRQHandler
                0x08000bc0                USART6_IRQHandler
                0x08000bc0                DMA2_Stream0_IRQHandler
                0x08000bc0                TIM4_IRQHandler
                0x08000bc0                I2C1_EV_IRQHandler
                0x08000bc0                DMA1_Stream6_IRQHandler
                0x08000bc0                DMA1_Stream1_IRQHandler
                0x08000bc0                TIM3_IRQHandler
                0x08000bc0                RCC_IRQHandler
                0x08000bc0                Default_Handler
                0x08000bc0                EXTI15_10_IRQHandler
                0x08000bc0                ADC_IRQHandler
                0x08000bc0                DMA1_Stream7_IRQHandler
                0x08000bc0                TIM5_IRQHandler
                0x08000bc0                DMA2_Stream7_IRQHandler
                0x08000bc0                I2C3_EV_IRQHandler
                0x08000bc0                EXTI9_5_IRQHandler
                0x08000bc0                SPI2_IRQHandler
                0x08000bc0                MemManage_Handler
                0x08000bc0                DMA1_Stream0_IRQHandler
                0x08000bc0                SVC_Handler
                0x08000bc0                EXTI4_IRQHandler
                0x08000bc0                EXTI22_RTC_WKUP_IRQHandler
                0x08000bc0                TIM2_IRQHandler
                0x08000bc0                EXTI16_PVD_IRQHandler
                0x08000bc0                TIM1_TRG_COM_TIM11_IRQHandler
                0x08000bc0                EXTI1_IRQHandler
                0x08000bc0                EXTI17_RTC_Alarm_IRQHandler
                0x08000bc0                USART2_IRQHandler
                0x08000bc0                I2C2_ER_IRQHandler
                0x08000bc0                DMA2_Stream1_IRQHandler
                0x08000bc0                FLASH_IRQHandler
                0x08000bc0                DMA2_Stream4_IRQHandler
                0x08000bc0                BusFault_Handler
                0x08000bc0                USART1_IRQHandler
                0x08000bc0                OTG_FS_IRQHandler
                0x08000bc0                SPI3_IRQHandler
                0x08000bc0                DMA1_Stream4_IRQHandler
                0x08000bc0                I2C1_ER_IRQHandler
                0x08000bc0                DMA2_Stream6_IRQHandler
                0x08000bc0                DMA1_Stream3_IRQHandler
 *fill*         0x08000bc2        0x2 
 .text.__libc_init_array
                0x08000bc4       0x48 D:/STM32CubeIDE/STM32CubeIDE_1.19.0/STM32CubeIDE/plugins/com.st.stm32cube.ide.mcu.externaltools.gnu-tools-for-stm32.13.3.rel1.win32_1.0.0.202411081344/tools/bin/../lib/gcc/arm-none-eabi/13.3.1/../../../../arm-none-eabi/lib/thumb/v7e-m+fp/hard\libc_nano.a(libc_a-init.o)
                0x08000bc4                __libc_init_array
 *(.glue_7)
 .glue_7        0x08000c0c        0x0 linker stubs
 *(.glue_7t)
 .glue_7t       0x08000c0c        0x0 linker stubs
 *(.eh_frame)
 .eh_frame      0x08000c0c        0x0 D:/STM32CubeIDE/STM32CubeIDE_1.19.0/STM32CubeIDE/plugins/com.st.stm32cube.ide.mcu.externaltools.gnu-tools-for-stm32.13.3.rel1.win32_1.0.0.202411081344/tools/bin/../lib/gcc/arm-none-eabi/13.3.1/thumb/v7e-m+fp/hard/crtbegin.o
 *(.init)
 .init          0x08000c0c        0x4 D:/STM32CubeIDE/STM32CubeIDE_1.19.0/STM32CubeIDE/plugins/com.st.stm32cube.ide.mcu.externaltools.gnu-tools-for-stm32.13.3.rel1.win32_1.0.0.202411081344/tools/bin/../lib/gcc/arm-none-eabi/13.3.1/thumb/v7e-m+fp/hard/crti.o
                0x08000c0c                _init
 .init          0x08000c10        0x8 D:/STM32CubeIDE/STM32CubeIDE_1.19.0/STM32CubeIDE/plugins/com.st.stm32cube.ide.mcu.externaltools.gnu-tools-for-stm32.13.3.rel1.win32_1.0.0.202411081344/tools/bin/../lib/gcc/arm-none-eabi/13.3.1/thumb/v7e-m+fp/hard/crtn.o
 *(.fini)
 .fini          0x08000c18        0x4 D:/STM32CubeIDE/STM32CubeIDE_1.19.0/STM32CubeIDE/plugins/com.st.stm32cube.ide.mcu.externaltools.gnu-tools-for-stm32.13.3.rel1.win32_1.0.0.202411081344/tools/bin/../lib/gcc/arm-none-eabi/13.3.1/thumb/v7e-m+fp/hard/crti.o
                0x08000c18                _fini
 .fini          0x08000c1c        0x8 D:/STM32CubeIDE/STM32CubeIDE_1.19.0/STM32CubeIDE/plugins/com.st.stm32cube.ide.mcu.externaltools.gnu-tools-for-stm32.13.3.rel1.win32_1.0.0.202411081344/tools/bin/../lib/gcc/arm-none-eabi/13.3.1/thumb/v7e-m+fp/hard/crtn.o
                0x08000c24                        . = ALIGN (0x4)
                0x08000c24                        _etext = .

.vfp11_veneer   0x08000c24        0x0
 .vfp11_veneer  0x08000c24        0x0 linker stubs

.v4_bx          0x08000c24        0x0
 .v4_bx         0x08000c24        0x0 linker stubs

.iplt           0x08000c24        0x0
 .iplt          0x08000c24        0x0 D:/STM32CubeIDE/STM32CubeIDE_1.19.0/STM32CubeIDE/plugins/com.st.stm32cube.ide.mcu.externaltools.gnu-tools-for-stm32.13.3.rel1.win32_1.0.0.202411081344/tools/bin/../lib/gcc/arm-none-eabi/13.3.1/thumb/v7e-m+fp/hard/crtbegin.o

.rodata         0x08000c24        0x0
                0x08000c24                        . = ALIGN (0x4)
 *(.rodata)
 *(.rodata*)
                0x08000c24                        . = ALIGN (0x4)

.ARM.extab      0x08000c24        0x0
                0x08000c24                        . = ALIGN (0x4)
 *(.ARM.extab* .gnu.linkonce.armextab.*)
                0x08000c24                        . = ALIGN (0x4)

.ARM            0x08000c24        0x8
                0x08000c24                        . = ALIGN (0x4)
                0x08000c24                        __exidx_start = .
 *(.ARM.exidx*)
 .ARM.exidx     0x08000c24        0x8 D:/STM32CubeIDE/STM32CubeIDE_1.19.0/STM32CubeIDE/plugins/com.st.stm32cube.ide.mcu.externaltools.gnu-tools-for-stm32.13.3.rel1.win32_1.0.0.202411081344/tools/bin/../lib/gcc/arm-none-eabi/13.3.1/../../../../arm-none-eabi/lib/thumb/v7e-m+fp/hard\libc_nano.a(libc_a-strlen.o)
                0x08000c2c                        __exidx_end = .
                0x08000c2c                        . = ALIGN (0x4)

.preinit_array  0x08000c2c        0x0
                0x08000c2c                        . = ALIGN (0x4)
                0x08000c2c                        PROVIDE (__preinit_array_start = .)
 *(.preinit_array*)
                0x08000c2c                        PROVIDE (__preinit_array_end = .)
                0x08000c2c                        . = ALIGN (0x4)

.init_array     0x08000c2c        0x4
                0x08000c2c                        . = ALIGN (0x4)
                0x08000c2c                        PROVIDE (__init_array_start = .)
 *(SORT_BY_NAME(.init_array.*))
 *(.init_array*)
 .init_array    0x08000c2c        0x4 D:/STM32CubeIDE/STM32CubeIDE_1.19.0/STM32CubeIDE/plugins/com.st.stm32cube.ide.mcu.externaltools.gnu-tools-for-stm32.13.3.rel1.win32_1.0.0.202411081344/tools/bin/../lib/gcc/arm-none-eabi/13.3.1/thumb/v7e-m+fp/hard/crtbegin.o
                0x08000c30                        PROVIDE (__init_array_end = .)
                0x08000c30                        . = ALIGN (0x4)

.fini_array     0x08000c30        0x4
                0x08000c30                        . = ALIGN (0x4)
                [!provide]                        PROVIDE (__fini_array_start = .)
 *(SORT_BY_NAME(.fini_array.*))
 *(.fini_array*)
 .fini_array    0x08000c30        0x4 D:/STM32CubeIDE/STM32CubeIDE_1.19.0/STM32CubeIDE/plugins/com.st.stm32cube.ide.mcu.externaltools.gnu-tools-for-stm32.13.3.rel1.win32_1.0.0.202411081344/tools/bin/../lib/gcc/arm-none-eabi/13.3.1/thumb/v7e-m+fp/hard/crtbegin.o
                [!provide]                        PROVIDE (__fini_array_end = .)
                0x08000c34                        . = ALIGN (0x4)
                0x08000c34                        _sidata = LOADADDR (.data)

.rel.dyn        0x08000c34        0x0
 .rel.iplt      0x08000c34        0x0 D:/STM32CubeIDE/STM32CubeIDE_1.19.0/STM32CubeIDE/plugins/com.st.stm32cube.ide.mcu.externaltools.gnu-tools-for-stm32.13.3.rel1.win32_1.0.0.202411081344/tools/bin/../lib/gcc/arm-none-eabi/13.3.1/thumb/v7e-m+fp/hard/crtbegin.o

.data           0x20000000       0x24 load address 0x08000c34
                0x20000000                        . = ALIGN (0x4)
                0x20000000                        _sdata = .
 *(.data)
 *(.data*)
 .data.AHB_PreScaler
                0x20000000       0x10 ./Driver/Src/stm32_RCC.o
                0x20000000                AHB_PreScaler
 .data.APB1_PreScaler
                0x20000010        0x4 ./Driver/Src/stm32_RCC.o
                0x20000010                APB1_PreScaler
 .data.txBuffer
                0x20000014        0xf ./Src/I2C_TX_Test.o
                0x20000014                txBuffer
 *(.RamFunc)
 *(.RamFunc*)
                0x20000024                        . = ALIGN (0x4)
 *fill*         0x20000023        0x1 
                0x20000024                        _edata = .

.igot.plt       0x20000024        0x0 load address 0x08000c58
 .igot.plt      0x20000024        0x0 D:/STM32CubeIDE/STM32CubeIDE_1.19.0/STM32CubeIDE/plugins/com.st.stm32cube.ide.mcu.externaltools.gnu-tools-for-stm32.13.3.rel1.win32_1.0.0.202411081344/tools/bin/../lib/gcc/arm-none-eabi/13.3.1/thumb/v7e-m+fp/hard/crtbegin.o
                0x20000024                        . = ALIGN (0x4)

.bss            0x20000024       0x40 load address 0x08000c58
                0x20000024                        _sbss = .
                0x20000024                        __bss_start__ = _sbss
 *(.bss)
 .bss           0x20000024       0x1c D:/STM32CubeIDE/STM32CubeIDE_1.19.0/STM32CubeIDE/plugins/com.st.stm32cube.ide.mcu.externaltools.gnu-tools-for-stm32.13.3.rel1.win32_1.0.0.202411081344/tools/bin/../lib/gcc/arm-none-eabi/13.3.1/thumb/v7e-m+fp/hard/crtbegin.o
 *(.bss*)
 .bss.I2C1_Test
                0x20000040       0x24 ./Src/I2C_TX_Test.o
                0x20000040                I2C1_Test
 *(COMMON)
                0x20000064                        . = ALIGN (0x4)
                0x20000064                        _ebss = .
                0x20000064                        __bss_end__ = _ebss

._user_heap_stack
                0x20000064      0x604 load address 0x08000c58
                0x20000068                        . = ALIGN (0x8)
 *fill*         0x20000064        0x4 
                [!provide]                        PROVIDE (end = .)
                0x20000068                        PROVIDE (_end = .)
                0x20000268                        . = (. + _Min_Heap_Size)
 *fill*         0x20000068      0x200 
                0x20000668                        . = (. + _Min_Stack_Size)
 *fill*         0x20000268      0x400 
                0x20000668                        . = ALIGN (0x8)

/DISCARD/
 libc.a(*)
 libm.a(*)
 libgcc.a(*)

.ARM.attributes
                0x00000000       0x30
 *(.ARM.attributes)
 .ARM.attributes
                0x00000000       0x22 D:/STM32CubeIDE/STM32CubeIDE_1.19.0/STM32CubeIDE/plugins/com.st.stm32cube.ide.mcu.externaltools.gnu-tools-for-stm32.13.3.rel1.win32_1.0.0.202411081344/tools/bin/../lib/gcc/arm-none-eabi/13.3.1/thumb/v7e-m+fp/hard/crti.o
 .ARM.attributes
                0x00000022       0x34 D:/STM32CubeIDE/STM32CubeIDE_1.19.0/STM32CubeIDE/plugins/com.st.stm32cube.ide.mcu.externaltools.gnu-tools-for-stm32.13.3.rel1.win32_1.0.0.202411081344/tools/bin/../lib/gcc/arm-none-eabi/13.3.1/thumb/v7e-m+fp/hard/crtbegin.o
 .ARM.attributes
                0x00000056       0x34 ./Driver/Src/stm32_GPIO.o
 .ARM.attributes
                0x0000008a       0x34 ./Driver/Src/stm32_I2C.o
 .ARM.attributes
                0x000000be       0x34 ./Driver/Src/stm32_RCC.o
 .ARM.attributes
                0x000000f2       0x34 ./Src/I2C_TX_Test.o
 .ARM.attributes
                0x00000126       0x21 ./Startup/startup_stm32f401ccyx.o
 .ARM.attributes
                0x00000147       0x34 D:/STM32CubeIDE/STM32CubeIDE_1.19.0/STM32CubeIDE/plugins/com.st.stm32cube.ide.mcu.externaltools.gnu-tools-for-stm32.13.3.rel1.win32_1.0.0.202411081344/tools/bin/../lib/gcc/arm-none-eabi/13.3.1/../../../../arm-none-eabi/lib/thumb/v7e-m+fp/hard\libc_nano.a(libc_a-init.o)
 .ARM.attributes
                0x0000017b       0x17 D:/STM32CubeIDE/STM32CubeIDE_1.19.0/STM32CubeIDE/plugins/com.st.stm32cube.ide.mcu.externaltools.gnu-tools-for-stm32.13.3.rel1.win32_1.0.0.202411081344/tools/bin/../lib/gcc/arm-none-eabi/13.3.1/../../../../arm-none-eabi/lib/thumb/v7e-m+fp/hard\libc_nano.a(libc_a-strlen.o)
 .ARM.attributes
                0x00000192       0x22 D:/STM32CubeIDE/STM32CubeIDE_1.19.0/STM32CubeIDE/plugins/com.st.stm32cube.ide.mcu.externaltools.gnu-tools-for-stm32.13.3.rel1.win32_1.0.0.202411081344/tools/bin/../lib/gcc/arm-none-eabi/13.3.1/thumb/v7e-m+fp/hard/crtn.o
OUTPUT(Driver_STM32F4.elf elf32-littlearm)
LOAD linker stubs
LOAD D:/STM32CubeIDE/STM32CubeIDE_1.19.0/STM32CubeIDE/plugins/com.st.stm32cube.ide.mcu.externaltools.gnu-tools-for-stm32.13.3.rel1.win32_1.0.0.202411081344/tools/bin/../lib/gcc/arm-none-eabi/13.3.1/../../../../arm-none-eabi/lib/thumb/v7e-m+fp/hard\libc.a
LOAD D:/STM32CubeIDE/STM32CubeIDE_1.19.0/STM32CubeIDE/plugins/com.st.stm32cube.ide.mcu.externaltools.gnu-tools-for-stm32.13.3.rel1.win32_1.0.0.202411081344/tools/bin/../lib/gcc/arm-none-eabi/13.3.1/../../../../arm-none-eabi/lib/thumb/v7e-m+fp/hard\libm.a
LOAD D:/STM32CubeIDE/STM32CubeIDE_1.19.0/STM32CubeIDE/plugins/com.st.stm32cube.ide.mcu.externaltools.gnu-tools-for-stm32.13.3.rel1.win32_1.0.0.202411081344/tools/bin/../lib/gcc/arm-none-eabi/13.3.1/thumb/v7e-m+fp/hard\libgcc.a

.debug_info     0x00000000     0x17ce
 .debug_info    0x00000000      0x634 ./Driver/Src/stm32_GPIO.o
 .debug_info    0x00000634      0x9ee ./Driver/Src/stm32_I2C.o
 .debug_info    0x00001022      0x300 ./Driver/Src/stm32_RCC.o
 .debug_info    0x00001322      0x47c ./Src/I2C_TX_Test.o
 .debug_info    0x0000179e       0x30 ./Startup/startup_stm32f401ccyx.o

.debug_abbrev   0x00000000      0x5e6
 .debug_abbrev  0x00000000      0x14a ./Driver/Src/stm32_GPIO.o
 .debug_abbrev  0x0000014a      0x246 ./Driver/Src/stm32_I2C.o
 .debug_abbrev  0x00000390       0xf9 ./Driver/Src/stm32_RCC.o
 .debug_abbrev  0x00000489      0x139 ./Src/I2C_TX_Test.o
 .debug_abbrev  0x000005c2       0x24 ./Startup/startup_stm32f401ccyx.o

.debug_aranges  0x00000000      0x1d0
 .debug_aranges
                0x00000000       0x60 ./Driver/Src/stm32_GPIO.o
 .debug_aranges
                0x00000060       0xf0 ./Driver/Src/stm32_I2C.o
 .debug_aranges
                0x00000150       0x28 ./Driver/Src/stm32_RCC.o
 .debug_aranges
                0x00000178       0x30 ./Src/I2C_TX_Test.o
 .debug_aranges
                0x000001a8       0x28 ./Startup/startup_stm32f401ccyx.o

.debug_rnglists
                0x00000000      0x153
 .debug_rnglists
                0x00000000       0x47 ./Driver/Src/stm32_GPIO.o
 .debug_rnglists
                0x00000047       0xb9 ./Driver/Src/stm32_I2C.o
 .debug_rnglists
                0x00000100       0x1b ./Driver/Src/stm32_RCC.o
 .debug_rnglists
                0x0000011b       0x1f ./Src/I2C_TX_Test.o
 .debug_rnglists
                0x0000013a       0x19 ./Startup/startup_stm32f401ccyx.o

.debug_macro    0x00000000     0x1e60
 .debug_macro   0x00000000       0x81 ./Driver/Src/stm32_GPIO.o
 .debug_macro   0x00000081      0xade ./Driver/Src/stm32_GPIO.o
 .debug_macro   0x00000b5f       0x22 ./Driver/Src/stm32_GPIO.o
 .debug_macro   0x00000b81       0x8e ./Driver/Src/stm32_GPIO.o
 .debug_macro   0x00000c0f       0x51 ./Driver/Src/stm32_GPIO.o
 .debug_macro   0x00000c60      0x103 ./Driver/Src/stm32_GPIO.o
 .debug_macro   0x00000d63       0x6a ./Driver/Src/stm32_GPIO.o
 .debug_macro   0x00000dcd      0x1df ./Driver/Src/stm32_GPIO.o
 .debug_macro   0x00000fac      0x2cd ./Driver/Src/stm32_GPIO.o
 .debug_macro   0x00001279       0x70 ./Driver/Src/stm32_GPIO.o
 .debug_macro   0x000012e9       0x94 ./Driver/Src/stm32_I2C.o
 .debug_macro   0x0000137d      0x190 ./Driver/Src/stm32_I2C.o
 .debug_macro   0x0000150d      0x22c ./Driver/Src/stm32_I2C.o
 .debug_macro   0x00001739       0x7c ./Driver/Src/stm32_RCC.o
 .debug_macro   0x000017b5      0x1ab ./Src/I2C_TX_Test.o
 .debug_macro   0x00001960       0x5b ./Src/I2C_TX_Test.o
 .debug_macro   0x000019bb       0x94 ./Src/I2C_TX_Test.o
 .debug_macro   0x00001a4f       0x16 ./Src/I2C_TX_Test.o
 .debug_macro   0x00001a65       0x57 ./Src/I2C_TX_Test.o
 .debug_macro   0x00001abc       0x9e ./Src/I2C_TX_Test.o
 .debug_macro   0x00001b5a      0x112 ./Src/I2C_TX_Test.o
 .debug_macro   0x00001c6c       0x10 ./Src/I2C_TX_Test.o
 .debug_macro   0x00001c7c       0x16 ./Src/I2C_TX_Test.o
 .debug_macro   0x00001c92       0x16 ./Src/I2C_TX_Test.o
 .debug_macro   0x00001ca8      0x146 ./Src/I2C_TX_Test.o
 .debug_macro   0x00001dee       0x16 ./Src/I2C_TX_Test.o
 .debug_macro   0x00001e04       0x3c ./Src/I2C_TX_Test.o
 .debug_macro   0x00001e40       0x20 ./Src/I2C_TX_Test.o

.debug_line     0x00000000     0x2374
 .debug_line    0x00000000      0x8d4 ./Driver/Src/stm32_GPIO.o
 .debug_line    0x000008d4      0xdda ./Driver/Src/stm32_I2C.o
 .debug_line    0x000016ae      0x509 ./Driver/Src/stm32_RCC.o
 .debug_line    0x00001bb7      0x742 ./Src/I2C_TX_Test.o
 .debug_line    0x000022f9       0x7b ./Startup/startup_stm32f401ccyx.o

.debug_str      0x00000000     0x96f4
 .debug_str     0x00000000     0x96f4 ./Driver/Src/stm32_GPIO.o
                               0x51c2 (size before relaxing)
 .debug_str     0x000096f4     0x5c5f ./Driver/Src/stm32_I2C.o
 .debug_str     0x000096f4     0x4ef3 ./Driver/Src/stm32_RCC.o
 .debug_str     0x000096f4     0x9358 ./Src/I2C_TX_Test.o
 .debug_str     0x000096f4       0x66 ./Startup/startup_stm32f401ccyx.o

.comment        0x00000000       0x43
 .comment       0x00000000       0x43 ./Driver/Src/stm32_GPIO.o
                                 0x44 (size before relaxing)
 .comment       0x00000043       0x44 ./Driver/Src/stm32_I2C.o
 .comment       0x00000043       0x44 ./Driver/Src/stm32_RCC.o
 .comment       0x00000043       0x44 ./Src/I2C_TX_Test.o

.debug_frame    0x00000000      0x694
 .debug_frame   0x00000000      0x178 ./Driver/Src/stm32_GPIO.o
 .debug_frame   0x00000178      0x420 ./Driver/Src/stm32_I2C.o
 .debug_frame   0x00000598       0x60 ./Driver/Src/stm32_RCC.o
 .debug_frame   0x000005f8       0x70 ./Src/I2C_TX_Test.o
 .debug_frame   0x00000668       0x2c D:/STM32CubeIDE/STM32CubeIDE_1.19.0/STM32CubeIDE/plugins/com.st.stm32cube.ide.mcu.externaltools.gnu-tools-for-stm32.13.3.rel1.win32_1.0.0.202411081344/tools/bin/../lib/gcc/arm-none-eabi/13.3.1/../../../../arm-none-eabi/lib/thumb/v7e-m+fp/hard\libc_nano.a(libc_a-init.o)

.debug_line_str
                0x00000000       0x4a
 .debug_line_str
                0x00000000       0x4a ./Startup/startup_stm32f401ccyx.o
