../Driver/Src/stm32_SPI.c:14:6:SPI_PriClockControl	16	static
../Driver/Src/stm32_SPI.c:54:6:SPI_Init	24	static
../Driver/Src/stm32_SPI.c:100:6:SPI_DeInit	16	static
../Driver/Src/stm32_SPI.c:104:6:SPI_SendData	24	static
../Driver/Src/stm32_SPI.c:128:6:SPI_ReciveData	24	static
../Driver/Src/stm32_SPI.c:148:9:SPI_SendDataIT	24	static
../Driver/Src/stm32_SPI.c:158:9:SPI_ReciveDataIT	24	static
../Driver/Src/stm32_SPI.c:168:6:SPI_PripheralControl	16	static
../Driver/Src/stm32_SPI.c:175:6:SPI_SSIConfig	16	static
../Driver/Src/stm32_SPI.c:182:6:SPI_SSOEConfig	16	static
../Driver/Src/stm32_SPI.c:191:6:SPI_IRQInterrupConfig	16	static
../Driver/Src/stm32_SPI.c:207:6:SPI_IRQPriorityConfig	24	static
../Driver/Src/stm32_SPI.c:213:6:SPI_IRQHandling	24	static
../Driver/Src/stm32_SPI.c:239:13:spi_txe_interrup_handle	16	static
../Driver/Src/stm32_SPI.c:258:6:SPI_CloseTransmission	16	static
../Driver/Src/stm32_SPI.c:265:13:spi_rxne_interrup_handle	16	static
../Driver/Src/stm32_SPI.c:283:6:SPI_CloseReception	16	static
../Driver/Src/stm32_SPI.c:289:13:spi_ovr_err_interrup_handle	24	static
../Driver/Src/stm32_SPI.c:299:28:SPI_ApplicationEventCallback	16	static
